no object
PASS
null parameter
PASS
descriptors.a.get is exact same of Object.getOwnPropertyDescriptor(object, "a").get: true
descriptors.a.set is exact same of Object.getOwnPropertyDescriptor(object, "a").set: true
Found descriptors: true
Found prop: fooAllTrue
value=fooAllTrue
writable=true
enumerable=true
configurable=true
Found prop: fooAllFalse
value=fooAllFalse
writable=false
enumerable=false
configurable=false
